#-----------------------------------------------------------
# Vivado v2023.2.2 (64-bit)
# SW Build 4126759 on Thu Feb  8 23:53:51 MST 2024
# IP Build 4126054 on Fri Feb  9 11:39:09 MST 2024
# SharedData Build 4115275 on Tue Jan 30 00:40:57 MST 2024
# Start of session at: Wed Oct 29 14:39:46 2025
# Process ID: 14056
# Current directory: C:/projects/Vivado_Projects/AD9777_with_mult-main/AD9777_with_mult-main/DAC_par.runs/impl_1
# Command line: vivado.exe -log test_wrapper.vdi -applog -product Vivado -messageDb vivado.pb -mode batch -source test_wrapper.tcl -notrace
# Log file: C:/projects/Vivado_Projects/AD9777_with_mult-main/AD9777_with_mult-main/DAC_par.runs/impl_1/test_wrapper.vdi
# Journal file: C:/projects/Vivado_Projects/AD9777_with_mult-main/AD9777_with_mult-main/DAC_par.runs/impl_1\vivado.jou
# Running On: DESKTOP-630779O, OS: Windows, CPU Frequency: 3000 MHz, CPU Physical cores: 4, Host memory: 8392 MB
#-----------------------------------------------------------
source test_wrapper.tcl -notrace
