INFO: [VRFC 10-2263] Analyzing Verilog file "C:/projects/Vivado_Projects/AD9777_with_mult-main/AD9777_with_mult-main/DAC_par.gen/sources_1/ip/vio_0/sim/vio_0.v" into library xil_defaultlib
INFO: [VRFC 10-311] analyzing module vio_0
INFO: [VRFC 10-2263] Analyzing Verilog file "C:/projects/Vivado_Projects/AD9777_with_mult-main/AD9777_with_mult-main/DAC_par.gen/sources_1/ip/ila_0/sim/ila_0.v" into library xil_defaultlib
INFO: [VRFC 10-311] analyzing module ila_0
INFO: [VRFC 10-2263] Analyzing SystemVerilog file "C:/projects/Vivado_Projects/AD9777_with_mult-main/AD9777_with_mult-main/DAC_par.srcs/sources_1/new/fifo.sv" into library xil_defaultlib
INFO: [VRFC 10-311] analyzing module fifo
INFO: [VRFC 10-2263] Analyzing SystemVerilog file "C:/projects/Vivado_Projects/AD9777_with_mult-main/AD9777_with_mult-main/DAC_par.srcs/sources_1/new/fifo_1.sv" into library xil_defaultlib
INFO: [VRFC 10-311] analyzing module fifo_1
INFO: [VRFC 10-2263] Analyzing SystemVerilog file "C:/projects/Vivado_Projects/AD9777_with_mult-main/AD9777_with_mult-main/DAC_par.srcs/sources_1/new/fixed_point_linear.sv" into library xil_defaultlib
INFO: [VRFC 10-311] analyzing module fixed_point_linear
INFO: [VRFC 10-2263] Analyzing SystemVerilog file "C:/projects/Vivado_Projects/AD9777_with_mult-main/AD9777_with_mult-main/DAC_par.srcs/sources_1/new/parallel_DAC.sv" into library xil_defaultlib
INFO: [VRFC 10-311] analyzing module parallel_DAC
INFO: [VRFC 10-2263] Analyzing SystemVerilog file "C:/projects/Vivado_Projects/AD9777_with_mult-main/AD9777_with_mult-main/DAC_par.srcs/sources_1/new/parallel_DAC_controller.sv" into library xil_defaultlib
INFO: [VRFC 10-311] analyzing module parallel_DAC_controller
INFO: [VRFC 10-2263] Analyzing SystemVerilog file "C:/projects/Vivado_Projects/AD9777_with_mult-main/AD9777_with_mult-main/DAC_par.srcs/sources_1/new/ATS_parall.sv" into library xil_defaultlib
INFO: [VRFC 10-311] analyzing module ATS_parall
INFO: [VRFC 10-2263] Analyzing SystemVerilog file "C:/projects/Vivado_Projects/AD9777_with_mult-main/AD9777_with_mult-main/DAC_par.srcs/sources_1/new/signal_delay.sv" into library xil_defaultlib
INFO: [VRFC 10-311] analyzing module signal_delay
INFO: [VRFC 10-2263] Analyzing SystemVerilog file "C:/projects/Vivado_Projects/AD9777_with_mult-main/AD9777_with_mult-main/DAC_par.srcs/sources_1/new/spi_controller.sv" into library xil_defaultlib
INFO: [VRFC 10-311] analyzing module spi_controller
INFO: [VRFC 10-2263] Analyzing SystemVerilog file "C:/projects/Vivado_Projects/AD9777_with_mult-main/AD9777_with_mult-main/DAC_par.srcs/sources_1/new/top.sv" into library xil_defaultlib
INFO: [VRFC 10-311] analyzing module top
INFO: [VRFC 10-2263] Analyzing SystemVerilog file "C:/projects/Vivado_Projects/AD9777_with_mult-main/AD9777_with_mult-main/DAC_par.srcs/sources_1/new/true_dual_port.sv" into library xil_defaultlib
INFO: [VRFC 10-311] analyzing module true_dual_port
INFO: [VRFC 10-2263] Analyzing SystemVerilog file "C:/projects/Vivado_Projects/AD9777_with_mult-main/AD9777_with_mult-main/DAC_par.srcs/sources_1/new/AS2_ATS.sv" into library xil_defaultlib
INFO: [VRFC 10-311] analyzing module AS2_ATS
INFO: [VRFC 10-2263] Analyzing SystemVerilog file "C:/projects/Vivado_Projects/AD9777_with_mult-main/AD9777_with_mult-main/DAC_par.srcs/sources_1/new/test_wrapper.sv" into library xil_defaultlib
INFO: [VRFC 10-311] analyzing module test_wrapper
INFO: [VRFC 10-2263] Analyzing SystemVerilog file "C:/projects/Vivado_Projects/AD9777_with_mult-main/AD9777_with_mult-main/DAC_par.srcs/sim_1/new/tb_bram.sv" into library xil_defaultlib
INFO: [VRFC 10-311] analyzing module tb_bram
INFO: [VRFC 10-2263] Analyzing SystemVerilog file "C:/projects/Vivado_Projects/AD9777_with_mult-main/AD9777_with_mult-main/DAC_par.srcs/sim_1/new/parallel_DAC_tb.sv" into library xil_defaultlib
INFO: [VRFC 10-311] analyzing module parallel_DAC_tb
INFO: [VRFC 10-2263] Analyzing SystemVerilog file "C:/projects/Vivado_Projects/AD9777_with_mult-main/AD9777_with_mult-main/DAC_par.srcs/sim_1/new/AS2_ATS_tb.sv" into library xil_defaultlib
INFO: [VRFC 10-311] analyzing module AS2_ATS_tb
INFO: [VRFC 10-2263] Analyzing Verilog file "C:/projects/Vivado_Projects/AD9777_with_mult-main/AD9777_with_mult-main/DAC_par.sim/sim_1/behav/xsim/glbl.v" into library xil_defaultlib
INFO: [VRFC 10-311] analyzing module glbl
