
*** Running vivado
    with args -log test_wrapper.vds -m64 -product Vivado -mode batch -messageDb vivado.pb -notrace -source test_wrapper.tcl


ECHO is off.
ECHO is off.

****** Vivado v2023.2.2 (64-bit)
  **** SW Build 4126759 on Thu Feb  8 23:53:51 MST 2024
  **** IP Build 4126054 on Fri Feb  9 11:39:09 MST 2024
  **** SharedData Build 4115275 on Tue Jan 30 00:40:57 MST 2024
    ** Copyright 1986-2022 Xilinx, Inc. All Rights Reserved.
    ** Copyright 2022-2024 Advanced Micro Devices, Inc. All Rights Reserved.

Sourcing tcl script 'C:/Xilinx/Vivado/2023.2/scripts/Vivado_init.tcl'
0 Beta devices matching pattern found, 0 enabled.
enable_beta_device: Time (s): cpu = 00:00:08 ; elapsed = 00:00:07 . Memory (MB): peak = 433.547 ; gain = 162.719
source test_wrapper.tcl -notrace
INFO: [IP_Flow 19-234] Refreshing IP repositories
WARNING: [IP_Flow 19-2248] Failed to load user IP repository 'c:/projects/Vivado_Projects/AD9777_with_mult-main/ip_repo/parallel_DAC_lite_1_0'; Can't find the specified path.
If this directory should no longer be in your list of user repositories, go to the IP Settings dialog and remove it.
INFO: [IP_Flow 19-2313] Loaded Vivado IP repository 'C:/Xilinx/Vivado/2023.2/data/ip'.
WARNING: [IP_Flow 19-4995] The host OS only allows 260 characters in a normal path. The IP cache path is more than 80 characters. If you experience issues with IP caching, please consider changing the IP cache to a location with a shorter path. Alternately consider using the OS subst command to map part of the path to a drive letter. 
Current IP cache path is c:/projects/Vivado_Projects/AD9777_with_mult-main/AD9777_with_mult-main/DAC_par.cache/ip 
Command: read_checkpoint -auto_incremental -incremental C:/projects/Vivado_Projects/AD9777_with_mult-main/AD9777_with_mult-main/DAC_par.srcs/utils_1/imports/synth_1/parallel_DAC.dcp
INFO: [Vivado 12-5825] Read reference checkpoint from C:/projects/Vivado_Projects/AD9777_with_mult-main/AD9777_with_mult-main/DAC_par.srcs/utils_1/imports/synth_1/parallel_DAC.dcp for incremental synthesis
INFO: [Vivado 12-7989] Please ensure there are no constraint changes
Command: synth_design -top test_wrapper -part xc7z020clg484-1
Starting synth_design
Attempting to get a license for feature 'Synthesis' and/or device 'xc7z020'
INFO: [Common 17-349] Got license for feature 'Synthesis' and/or device 'xc7z020'
INFO: [Device 21-403] Loading part xc7z020clg484-1
INFO: [Designutils 20-5440] No compile time benefit to using incremental synthesis; A full resynthesis will be run
INFO: [Designutils 20-4379] Flow is switching to default flow due to incremental criteria not met. If you would like to alter this behaviour and have the flow terminate instead, please set the following parameter config_implementation {autoIncr.Synth.RejectBehavior Terminate}
INFO: [Synth 8-7079] Multithreading enabled for synth_design using a maximum of 2 processes.
INFO: [Synth 8-7078] Launching helper process for spawning children vivado processes
INFO: [Synth 8-7075] Helper process launched with PID 13576
---------------------------------------------------------------------------------
Starting RTL Elaboration : Time (s): cpu = 00:00:06 ; elapsed = 00:00:07 . Memory (MB): peak = 1357.762 ; gain = 443.211
---------------------------------------------------------------------------------
INFO: [Synth 8-11241] undeclared symbol 'valid', assumed default net type 'wire' [C:/projects/Vivado_Projects/AD9777_with_mult-main/AD9777_with_mult-main/DAC_par.srcs/sources_1/new/fifo.sv:29]
INFO: [Synth 8-11241] undeclared symbol 'pop', assumed default net type 'wire' [C:/projects/Vivado_Projects/AD9777_with_mult-main/AD9777_with_mult-main/DAC_par.srcs/sources_1/new/fifo_1.sv:36]
INFO: [Synth 8-11241] undeclared symbol 'push', assumed default net type 'wire' [C:/projects/Vivado_Projects/AD9777_with_mult-main/AD9777_with_mult-main/DAC_par.srcs/sources_1/new/fifo_1.sv:37]
INFO: [Synth 8-11241] undeclared symbol 'out_ss', assumed default net type 'wire' [C:/projects/Vivado_Projects/AD9777_with_mult-main/AD9777_with_mult-main/DAC_par.srcs/sources_1/new/test_wrapper.sv:106]
INFO: [Synth 8-6157] synthesizing module 'test_wrapper' [C:/projects/Vivado_Projects/AD9777_with_mult-main/AD9777_with_mult-main/DAC_par.srcs/sources_1/new/test_wrapper.sv:23]
INFO: [Synth 8-6157] synthesizing module 'AS2_ATS' [C:/projects/Vivado_Projects/AD9777_with_mult-main/AD9777_with_mult-main/DAC_par.srcs/sources_1/new/AS2_ATS.sv:6]
INFO: [Synth 8-6157] synthesizing module 'spi_controller' [C:/projects/Vivado_Projects/AD9777_with_mult-main/AD9777_with_mult-main/DAC_par.srcs/sources_1/new/spi_controller.sv:3]
INFO: [Synth 8-6155] done synthesizing module 'spi_controller' (0#1) [C:/projects/Vivado_Projects/AD9777_with_mult-main/AD9777_with_mult-main/DAC_par.srcs/sources_1/new/spi_controller.sv:3]
INFO: [Synth 8-6157] synthesizing module 'parallel_DAC_assembly' [C:/projects/Vivado_Projects/AD9777_with_mult-main/AD9777_with_mult-main/DAC_par.srcs/sources_1/new/parallel_DAC_assembly.sv:1]
INFO: [Synth 8-6157] synthesizing module 'parallel_DAC_common' [C:/projects/Vivado_Projects/AD9777_with_mult-main/AD9777_with_mult-main/DAC_par.srcs/sources_1/new/parallel_DAC_common.sv:2]
INFO: [Synth 8-155] case statement is not full and has no default [C:/projects/Vivado_Projects/AD9777_with_mult-main/AD9777_with_mult-main/DAC_par.srcs/sources_1/new/parallel_DAC_common.sv:72]
INFO: [Synth 8-6155] done synthesizing module 'parallel_DAC_common' (0#1) [C:/projects/Vivado_Projects/AD9777_with_mult-main/AD9777_with_mult-main/DAC_par.srcs/sources_1/new/parallel_DAC_common.sv:2]
INFO: [Synth 8-6155] done synthesizing module 'parallel_DAC_assembly' (0#1) [C:/projects/Vivado_Projects/AD9777_with_mult-main/AD9777_with_mult-main/DAC_par.srcs/sources_1/new/parallel_DAC_assembly.sv:1]
INFO: [Synth 8-6157] synthesizing module 'top' [C:/projects/Vivado_Projects/AD9777_with_mult-main/AD9777_with_mult-main/DAC_par.srcs/sources_1/new/top.sv:4]
INFO: [Synth 8-6157] synthesizing module 'fixed_point_linear' [C:/projects/Vivado_Projects/AD9777_with_mult-main/AD9777_with_mult-main/DAC_par.srcs/sources_1/new/fixed_point_linear.sv:1]
INFO: [Synth 8-6155] done synthesizing module 'fixed_point_linear' (0#1) [C:/projects/Vivado_Projects/AD9777_with_mult-main/AD9777_with_mult-main/DAC_par.srcs/sources_1/new/fixed_point_linear.sv:1]
INFO: [Synth 8-6155] done synthesizing module 'top' (0#1) [C:/projects/Vivado_Projects/AD9777_with_mult-main/AD9777_with_mult-main/DAC_par.srcs/sources_1/new/top.sv:4]
INFO: [Synth 8-6157] synthesizing module 'ATS_parall' [C:/projects/Vivado_Projects/AD9777_with_mult-main/AD9777_with_mult-main/DAC_par.srcs/sources_1/new/ATS_parall.sv:10]
INFO: [Synth 8-6157] synthesizing module 'fixed_point_linear__parameterized0' [C:/projects/Vivado_Projects/AD9777_with_mult-main/AD9777_with_mult-main/DAC_par.srcs/sources_1/new/fixed_point_linear.sv:1]
	Parameter INTEGER_W bound to: 16 - type: integer 
	Parameter FRACTIONAL_W bound to: 16 - type: integer 
INFO: [Synth 8-6155] done synthesizing module 'fixed_point_linear__parameterized0' (0#1) [C:/projects/Vivado_Projects/AD9777_with_mult-main/AD9777_with_mult-main/DAC_par.srcs/sources_1/new/fixed_point_linear.sv:1]
INFO: [Synth 8-6155] done synthesizing module 'ATS_parall' (0#1) [C:/projects/Vivado_Projects/AD9777_with_mult-main/AD9777_with_mult-main/DAC_par.srcs/sources_1/new/ATS_parall.sv:10]
INFO: [Synth 8-6155] done synthesizing module 'AS2_ATS' (0#1) [C:/projects/Vivado_Projects/AD9777_with_mult-main/AD9777_with_mult-main/DAC_par.srcs/sources_1/new/AS2_ATS.sv:6]
INFO: [Synth 8-6157] synthesizing module 'vio_0' [C:/projects/Vivado_Projects/AD9777_with_mult-main/AD9777_with_mult-main/DAC_par.runs/synth_1/.Xil/Vivado-14660-DESKTOP-630779O/realtime/vio_0_stub.v:6]
INFO: [Synth 8-6155] done synthesizing module 'vio_0' (0#1) [C:/projects/Vivado_Projects/AD9777_with_mult-main/AD9777_with_mult-main/DAC_par.runs/synth_1/.Xil/Vivado-14660-DESKTOP-630779O/realtime/vio_0_stub.v:6]
WARNING: [Synth 8-4446] all outputs are unconnected for this instance and logic may be removed [C:/projects/Vivado_Projects/AD9777_with_mult-main/AD9777_with_mult-main/DAC_par.srcs/sources_1/new/test_wrapper.sv:216]
INFO: [Synth 8-6157] synthesizing module 'ila_0' [C:/projects/Vivado_Projects/AD9777_with_mult-main/AD9777_with_mult-main/DAC_par.runs/synth_1/.Xil/Vivado-14660-DESKTOP-630779O/realtime/ila_0_stub.v:6]
INFO: [Synth 8-6155] done synthesizing module 'ila_0' (0#1) [C:/projects/Vivado_Projects/AD9777_with_mult-main/AD9777_with_mult-main/DAC_par.runs/synth_1/.Xil/Vivado-14660-DESKTOP-630779O/realtime/ila_0_stub.v:6]
INFO: [Synth 8-6155] done synthesizing module 'test_wrapper' (0#1) [C:/projects/Vivado_Projects/AD9777_with_mult-main/AD9777_with_mult-main/DAC_par.srcs/sources_1/new/test_wrapper.sv:23]
WARNING: [Synth 8-87] always_comb on 'clk_a_0_reg' did not result in combinational logic [C:/projects/Vivado_Projects/AD9777_with_mult-main/AD9777_with_mult-main/DAC_par.srcs/sources_1/new/parallel_DAC_common.sv:74]
WARNING: [Synth 8-87] always_comb on 'clk_a_1_reg' did not result in combinational logic [C:/projects/Vivado_Projects/AD9777_with_mult-main/AD9777_with_mult-main/DAC_par.srcs/sources_1/new/parallel_DAC_common.sv:75]
WARNING: [Synth 8-6014] Unused sequential element addition_reg was removed.  [C:/projects/Vivado_Projects/AD9777_with_mult-main/AD9777_with_mult-main/DAC_par.srcs/sources_1/new/fixed_point_linear.sv:106]
WARNING: [Synth 8-6014] Unused sequential element max_positive_reg was removed.  [C:/projects/Vivado_Projects/AD9777_with_mult-main/AD9777_with_mult-main/DAC_par.srcs/sources_1/new/fixed_point_linear.sv:108]
WARNING: [Synth 8-6014] Unused sequential element max_negative_reg was removed.  [C:/projects/Vivado_Projects/AD9777_with_mult-main/AD9777_with_mult-main/DAC_par.srcs/sources_1/new/fixed_point_linear.sv:109]
WARNING: [Synth 8-6014] Unused sequential element addition_reg was removed.  [C:/projects/Vivado_Projects/AD9777_with_mult-main/AD9777_with_mult-main/DAC_par.srcs/sources_1/new/fixed_point_linear.sv:106]
WARNING: [Synth 8-6014] Unused sequential element max_positive_reg was removed.  [C:/projects/Vivado_Projects/AD9777_with_mult-main/AD9777_with_mult-main/DAC_par.srcs/sources_1/new/fixed_point_linear.sv:108]
WARNING: [Synth 8-6014] Unused sequential element max_negative_reg was removed.  [C:/projects/Vivado_Projects/AD9777_with_mult-main/AD9777_with_mult-main/DAC_par.srcs/sources_1/new/fixed_point_linear.sv:109]
INFO: [Synth 8-6071] Mark debug on the nets applies keep_hierarchy on instance 'vio_0'. This will prevent further optimization [C:/projects/Vivado_Projects/AD9777_with_mult-main/AD9777_with_mult-main/DAC_par.srcs/sources_1/new/test_wrapper.sv:165]
INFO: [Synth 8-6071] Mark debug on the nets applies keep_hierarchy on instance 'DUT'. This will prevent further optimization [C:/projects/Vivado_Projects/AD9777_with_mult-main/AD9777_with_mult-main/DAC_par.srcs/sources_1/new/test_wrapper.sv:96]
INFO: [Synth 8-6071] Mark debug on the nets applies keep_hierarchy on instance 'ila_0'. This will prevent further optimization [C:/projects/Vivado_Projects/AD9777_with_mult-main/AD9777_with_mult-main/DAC_par.srcs/sources_1/new/test_wrapper.sv:216]
---------------------------------------------------------------------------------
Finished RTL Elaboration : Time (s): cpu = 00:00:09 ; elapsed = 00:00:09 . Memory (MB): peak = 1475.297 ; gain = 560.746
---------------------------------------------------------------------------------
---------------------------------------------------------------------------------
Start Handling Custom Attributes
---------------------------------------------------------------------------------
---------------------------------------------------------------------------------
Finished Handling Custom Attributes : Time (s): cpu = 00:00:09 ; elapsed = 00:00:09 . Memory (MB): peak = 1475.297 ; gain = 560.746
---------------------------------------------------------------------------------
---------------------------------------------------------------------------------
Finished RTL Optimization Phase 1 : Time (s): cpu = 00:00:09 ; elapsed = 00:00:09 . Memory (MB): peak = 1475.297 ; gain = 560.746
---------------------------------------------------------------------------------
Netlist sorting complete. Time (s): cpu = 00:00:00 ; elapsed = 00:00:00.075 . Memory (MB): peak = 1475.297 ; gain = 0.000
INFO: [Project 1-570] Preparing netlist for logic optimization

Processing XDC Constraints
Initializing timing engine
Parsing XDC File [c:/projects/Vivado_Projects/AD9777_with_mult-main/AD9777_with_mult-main/DAC_par.gen/sources_1/ip/vio_0/vio_0/vio_0_in_context.xdc] for cell 'vio_0'
Finished Parsing XDC File [c:/projects/Vivado_Projects/AD9777_with_mult-main/AD9777_with_mult-main/DAC_par.gen/sources_1/ip/vio_0/vio_0/vio_0_in_context.xdc] for cell 'vio_0'
Parsing XDC File [c:/projects/Vivado_Projects/AD9777_with_mult-main/AD9777_with_mult-main/DAC_par.gen/sources_1/ip/ila_0/ila_0/ila_0_in_context.xdc] for cell 'ila_0'
Finished Parsing XDC File [c:/projects/Vivado_Projects/AD9777_with_mult-main/AD9777_with_mult-main/DAC_par.gen/sources_1/ip/ila_0/ila_0/ila_0_in_context.xdc] for cell 'ila_0'
Parsing XDC File [C:/projects/Vivado_Projects/AD9777_with_mult-main/AD9777_with_mult-main/DAC_par.srcs/constrs_1/new/XDC.xdc]
WARNING: [Vivado 12-584] No ports matched '[get_ports -of_objects [get_iobanks 33]]'. [C:/projects/Vivado_Projects/AD9777_with_mult-main/AD9777_with_mult-main/DAC_par.srcs/constrs_1/new/XDC.xdc:362]
WARNING: [Vivado 12-584] No ports matched '[get_ports -of_objects [get_iobanks 34]]'. [C:/projects/Vivado_Projects/AD9777_with_mult-main/AD9777_with_mult-main/DAC_par.srcs/constrs_1/new/XDC.xdc:367]
WARNING: [Vivado 12-584] No ports matched '[get_ports -of_objects [get_iobanks 35]]'. [C:/projects/Vivado_Projects/AD9777_with_mult-main/AD9777_with_mult-main/DAC_par.srcs/constrs_1/new/XDC.xdc:372]
WARNING: [Vivado 12-584] No ports matched '[get_ports -of_objects [get_iobanks 13]]'. [C:/projects/Vivado_Projects/AD9777_with_mult-main/AD9777_with_mult-main/DAC_par.srcs/constrs_1/new/XDC.xdc:375]
Finished Parsing XDC File [C:/projects/Vivado_Projects/AD9777_with_mult-main/AD9777_with_mult-main/DAC_par.srcs/constrs_1/new/XDC.xdc]
INFO: [Project 1-236] Implementation specific constraints were found while reading constraint file [C:/projects/Vivado_Projects/AD9777_with_mult-main/AD9777_with_mult-main/DAC_par.srcs/constrs_1/new/XDC.xdc]. These constraints will be ignored for synthesis but will be used in implementation. Impacted constraints are listed in the file [.Xil/test_wrapper_propImpl.xdc].
Resolution: To avoid this warning, move constraints listed in [.Xil/test_wrapper_propImpl.xdc] to another XDC file and exclude this new file from synthesis with the used_in_synthesis property (File Properties dialog in GUI) and re-run elaboration/synthesis.
Completed Processing XDC Constraints

Netlist sorting complete. Time (s): cpu = 00:00:00 ; elapsed = 00:00:00.001 . Memory (MB): peak = 1570.750 ; gain = 0.000
INFO: [Project 1-111] Unisim Transformation Summary:
No Unisim elements were transformed.

The system cannot find the path specified.
Constraint Validation Runtime : Time (s): cpu = 00:00:00 ; elapsed = 00:00:00.025 . Memory (MB): peak = 1570.750 ; gain = 0.000
INFO: [Designutils 20-5440] No compile time benefit to using incremental synthesis; A full resynthesis will be run
INFO: [Designutils 20-4379] Flow is switching to default flow due to incremental criteria not met. If you would like to alter this behaviour and have the flow terminate instead, please set the following parameter config_implementation {autoIncr.Synth.RejectBehavior Terminate}
---------------------------------------------------------------------------------
Finished Constraint Validation : Time (s): cpu = 00:00:19 ; elapsed = 00:00:19 . Memory (MB): peak = 1570.750 ; gain = 656.199
---------------------------------------------------------------------------------
---------------------------------------------------------------------------------
Start Loading Part and Timing Information
---------------------------------------------------------------------------------
Loading part: xc7z020clg484-1
---------------------------------------------------------------------------------
Finished Loading Part and Timing Information : Time (s): cpu = 00:00:19 ; elapsed = 00:00:19 . Memory (MB): peak = 1570.750 ; gain = 656.199
---------------------------------------------------------------------------------
---------------------------------------------------------------------------------
Start Applying 'set_property' XDC Constraints
---------------------------------------------------------------------------------
Applied set_property KEEP_HIERARCHY = SOFT for vio_0. (constraint file  auto generated constraint).
Applied set_property KEEP_HIERARCHY = SOFT for ila_0. (constraint file  auto generated constraint).
---------------------------------------------------------------------------------
Finished applying 'set_property' XDC Constraints : Time (s): cpu = 00:00:19 ; elapsed = 00:00:19 . Memory (MB): peak = 1570.750 ; gain = 656.199
---------------------------------------------------------------------------------
WARNING: [Synth 8-327] inferring latch for variable 'clk_a_0_reg' [C:/projects/Vivado_Projects/AD9777_with_mult-main/AD9777_with_mult-main/DAC_par.srcs/sources_1/new/parallel_DAC_common.sv:74]
WARNING: [Synth 8-327] inferring latch for variable 'clk_a_1_reg' [C:/projects/Vivado_Projects/AD9777_with_mult-main/AD9777_with_mult-main/DAC_par.srcs/sources_1/new/parallel_DAC_common.sv:75]
---------------------------------------------------------------------------------
Finished RTL Optimization Phase 2 : Time (s): cpu = 00:00:19 ; elapsed = 00:00:20 . Memory (MB): peak = 1570.750 ; gain = 656.199
---------------------------------------------------------------------------------
---------------------------------------------------------------------------------
Start RTL Component Statistics 
---------------------------------------------------------------------------------
Detailed RTL Component Info : 
+---Adders : 
	   2 Input   64 Bit       Adders := 8     
	   2 Input    5 Bit       Adders := 2     
	   2 Input    4 Bit       Adders := 1     
	   2 Input    2 Bit       Adders := 3     
+---Registers : 
	               64 Bit    Registers := 16    
	               32 Bit    Registers := 40    
	               16 Bit    Registers := 4     
	                8 Bit    Registers := 1     
	                6 Bit    Registers := 1     
	                4 Bit    Registers := 2     
	                2 Bit    Registers := 2     
	                1 Bit    Registers := 55    
+---Multipliers : 
	              32x32  Multipliers := 8     
+---Muxes : 
	   5 Input   32 Bit        Muxes := 8     
	   2 Input   32 Bit        Muxes := 20    
	   2 Input   16 Bit        Muxes := 11    
	   3 Input   16 Bit        Muxes := 4     
	   2 Input    5 Bit        Muxes := 3     
	   2 Input    4 Bit        Muxes := 1     
	   2 Input    2 Bit        Muxes := 1     
	   2 Input    1 Bit        Muxes := 31    
	   4 Input    1 Bit        Muxes := 10    
	   3 Input    1 Bit        Muxes := 4     
---------------------------------------------------------------------------------
Finished RTL Component Statistics 
---------------------------------------------------------------------------------
---------------------------------------------------------------------------------
Start Part Resource Summary
---------------------------------------------------------------------------------
Part Resources:
DSPs: 220 (col length:60)
BRAMs: 280 (col length: RAMB18 60 RAMB36 30)
---------------------------------------------------------------------------------
Finished Part Resource Summary
---------------------------------------------------------------------------------
---------------------------------------------------------------------------------
Start Cross Boundary and Area Optimization
---------------------------------------------------------------------------------
WARNING: [Synth 8-7080] Parallel synthesis criteria is not met
DSP Report: Generating DSP mult_u_x/multiplication0, operation Mode is: A2*B.
DSP Report: register mult_u_x/multiplication0 is absorbed into DSP mult_u_x/multiplication0.
DSP Report: operator mult_u_x/multiplication0 is absorbed into DSP mult_u_x/multiplication0.
DSP Report: operator mult_u_x/multiplication0 is absorbed into DSP mult_u_x/multiplication0.
DSP Report: Generating DSP mult_u_x/multiplication_reg_reg, operation Mode is: (PCIN>>17)+A*B.
DSP Report: register mult_u_x/multiplication_reg_reg is absorbed into DSP mult_u_x/multiplication_reg_reg.
DSP Report: operator mult_u_x/multiplication0 is absorbed into DSP mult_u_x/multiplication_reg_reg.
DSP Report: operator mult_u_x/multiplication0 is absorbed into DSP mult_u_x/multiplication_reg_reg.
DSP Report: Generating DSP mult_u_x/multiplication0, operation Mode is: A2*B2.
DSP Report: register mult_u_x/multiplication0 is absorbed into DSP mult_u_x/multiplication0.
DSP Report: register mult_u_x/multiplication0 is absorbed into DSP mult_u_x/multiplication0.
DSP Report: operator mult_u_x/multiplication0 is absorbed into DSP mult_u_x/multiplication0.
DSP Report: operator mult_u_x/multiplication0 is absorbed into DSP mult_u_x/multiplication0.
DSP Report: Generating DSP mult_u_x/multiplication_reg_reg, operation Mode is: (PCIN>>17)+A2*B.
DSP Report: register mult_u_x/multiplication_reg_reg is absorbed into DSP mult_u_x/multiplication_reg_reg.
DSP Report: register mult_u_x/multiplication_reg_reg is absorbed into DSP mult_u_x/multiplication_reg_reg.
DSP Report: operator mult_u_x/multiplication0 is absorbed into DSP mult_u_x/multiplication_reg_reg.
DSP Report: operator mult_u_x/multiplication0 is absorbed into DSP mult_u_x/multiplication_reg_reg.
DSP Report: Generating DSP mult_code_x/multiplication0, operation Mode is: A2*B''.
DSP Report: register mult_u_x/value_out_reg is absorbed into DSP mult_code_x/multiplication0.
DSP Report: register mult_code_x/value_og_reg_reg is absorbed into DSP mult_code_x/multiplication0.
DSP Report: register mult_code_x/multiplication0 is absorbed into DSP mult_code_x/multiplication0.
DSP Report: operator mult_code_x/multiplication0 is absorbed into DSP mult_code_x/multiplication0.
DSP Report: operator mult_code_x/multiplication0 is absorbed into DSP mult_code_x/multiplication0.
DSP Report: Generating DSP mult_code_x/multiplication_reg_reg, operation Mode is: (PCIN>>17)+A''*B.
DSP Report: register mult_u_x/value_out_reg is absorbed into DSP mult_code_x/multiplication_reg_reg.
DSP Report: register mult_code_x/value_og_reg_reg is absorbed into DSP mult_code_x/multiplication_reg_reg.
DSP Report: register mult_code_x/multiplication_reg_reg is absorbed into DSP mult_code_x/multiplication_reg_reg.
DSP Report: operator mult_code_x/multiplication0 is absorbed into DSP mult_code_x/multiplication_reg_reg.
DSP Report: operator mult_code_x/multiplication0 is absorbed into DSP mult_code_x/multiplication_reg_reg.
DSP Report: Generating DSP mult_code_x/multiplication0, operation Mode is: A''*B2.
DSP Report: register mult_code_x/multiplication0 is absorbed into DSP mult_code_x/multiplication0.
DSP Report: register mult_code_x/multiplication0 is absorbed into DSP mult_code_x/multiplication0.
DSP Report: register mult_code_x/multiplication0 is absorbed into DSP mult_code_x/multiplication0.
DSP Report: operator mult_code_x/multiplication0 is absorbed into DSP mult_code_x/multiplication0.
DSP Report: operator mult_code_x/multiplication0 is absorbed into DSP mult_code_x/multiplication0.
DSP Report: Generating DSP mult_code_x/multiplication_reg_reg, operation Mode is: (PCIN>>17)+A''*B.
DSP Report: register mult_code_x/multiplication_reg_reg is absorbed into DSP mult_code_x/multiplication_reg_reg.
DSP Report: register mult_code_x/multiplication_reg_reg is absorbed into DSP mult_code_x/multiplication_reg_reg.
DSP Report: register mult_code_x/multiplication_reg_reg is absorbed into DSP mult_code_x/multiplication_reg_reg.
DSP Report: operator mult_code_x/multiplication0 is absorbed into DSP mult_code_x/multiplication_reg_reg.
DSP Report: operator mult_code_x/multiplication0 is absorbed into DSP mult_code_x/multiplication_reg_reg.
DSP Report: Generating DSP mult_u_y/multiplication0, operation Mode is: A2*B.
DSP Report: register mult_u_y/multiplication0 is absorbed into DSP mult_u_y/multiplication0.
DSP Report: operator mult_u_y/multiplication0 is absorbed into DSP mult_u_y/multiplication0.
DSP Report: operator mult_u_y/multiplication0 is absorbed into DSP mult_u_y/multiplication0.
DSP Report: Generating DSP mult_u_y/multiplication_reg_reg, operation Mode is: (PCIN>>17)+A*B.
DSP Report: register mult_u_y/multiplication_reg_reg is absorbed into DSP mult_u_y/multiplication_reg_reg.
DSP Report: operator mult_u_y/multiplication0 is absorbed into DSP mult_u_y/multiplication_reg_reg.
DSP Report: operator mult_u_y/multiplication0 is absorbed into DSP mult_u_y/multiplication_reg_reg.
DSP Report: Generating DSP mult_u_y/multiplication0, operation Mode is: A2*B2.
DSP Report: register mult_u_y/multiplication0 is absorbed into DSP mult_u_y/multiplication0.
DSP Report: register mult_u_y/multiplication0 is absorbed into DSP mult_u_y/multiplication0.
DSP Report: operator mult_u_y/multiplication0 is absorbed into DSP mult_u_y/multiplication0.
DSP Report: operator mult_u_y/multiplication0 is absorbed into DSP mult_u_y/multiplication0.
DSP Report: Generating DSP mult_u_y/multiplication_reg_reg, operation Mode is: (PCIN>>17)+A2*B.
DSP Report: register mult_u_y/multiplication_reg_reg is absorbed into DSP mult_u_y/multiplication_reg_reg.
DSP Report: register mult_u_y/multiplication_reg_reg is absorbed into DSP mult_u_y/multiplication_reg_reg.
DSP Report: operator mult_u_y/multiplication0 is absorbed into DSP mult_u_y/multiplication_reg_reg.
DSP Report: operator mult_u_y/multiplication0 is absorbed into DSP mult_u_y/multiplication_reg_reg.
DSP Report: Generating DSP mult_code_y/multiplication0, operation Mode is: A2*B''.
DSP Report: register mult_u_y/value_out_reg is absorbed into DSP mult_code_y/multiplication0.
DSP Report: register mult_code_y/value_og_reg_reg is absorbed into DSP mult_code_y/multiplication0.
DSP Report: register mult_code_y/multiplication0 is absorbed into DSP mult_code_y/multiplication0.
DSP Report: operator mult_code_y/multiplication0 is absorbed into DSP mult_code_y/multiplication0.
DSP Report: operator mult_code_y/multiplication0 is absorbed into DSP mult_code_y/multiplication0.
DSP Report: Generating DSP mult_code_y/multiplication_reg_reg, operation Mode is: (PCIN>>17)+A''*B.
DSP Report: register mult_u_y/value_out_reg is absorbed into DSP mult_code_y/multiplication_reg_reg.
DSP Report: register mult_code_y/value_og_reg_reg is absorbed into DSP mult_code_y/multiplication_reg_reg.
DSP Report: register mult_code_y/multiplication_reg_reg is absorbed into DSP mult_code_y/multiplication_reg_reg.
DSP Report: operator mult_code_y/multiplication0 is absorbed into DSP mult_code_y/multiplication_reg_reg.
DSP Report: operator mult_code_y/multiplication0 is absorbed into DSP mult_code_y/multiplication_reg_reg.
DSP Report: Generating DSP mult_code_y/multiplication0, operation Mode is: A''*B2.
DSP Report: register mult_code_y/multiplication0 is absorbed into DSP mult_code_y/multiplication0.
DSP Report: register mult_code_y/multiplication0 is absorbed into DSP mult_code_y/multiplication0.
DSP Report: register mult_code_y/multiplication0 is absorbed into DSP mult_code_y/multiplication0.
DSP Report: operator mult_code_y/multiplication0 is absorbed into DSP mult_code_y/multiplication0.
DSP Report: operator mult_code_y/multiplication0 is absorbed into DSP mult_code_y/multiplication0.
DSP Report: Generating DSP mult_code_y/multiplication_reg_reg, operation Mode is: (PCIN>>17)+A''*B.
DSP Report: register mult_code_y/multiplication_reg_reg is absorbed into DSP mult_code_y/multiplication_reg_reg.
DSP Report: register mult_code_y/multiplication_reg_reg is absorbed into DSP mult_code_y/multiplication_reg_reg.
DSP Report: register mult_code_y/multiplication_reg_reg is absorbed into DSP mult_code_y/multiplication_reg_reg.
DSP Report: operator mult_code_y/multiplication0 is absorbed into DSP mult_code_y/multiplication_reg_reg.
DSP Report: operator mult_code_y/multiplication0 is absorbed into DSP mult_code_y/multiplication_reg_reg.
DSP Report: Generating DSP fpl_x_1/multiplication0, operation Mode is: A2*B2.
DSP Report: register fpl_x_1/value_og_reg_reg is absorbed into DSP fpl_x_1/multiplication0.
DSP Report: register fpl_x_1/multiplication0 is absorbed into DSP fpl_x_1/multiplication0.
DSP Report: operator fpl_x_1/multiplication0 is absorbed into DSP fpl_x_1/multiplication0.
DSP Report: operator fpl_x_1/multiplication0 is absorbed into DSP fpl_x_1/multiplication0.
DSP Report: Generating DSP fpl_x_1/multiplication_reg_reg, operation Mode is: (PCIN>>17)+A2*B.
DSP Report: register fpl_x_1/value_og_reg_reg is absorbed into DSP fpl_x_1/multiplication_reg_reg.
DSP Report: register fpl_x_1/multiplication_reg_reg is absorbed into DSP fpl_x_1/multiplication_reg_reg.
DSP Report: operator fpl_x_1/multiplication0 is absorbed into DSP fpl_x_1/multiplication_reg_reg.
DSP Report: operator fpl_x_1/multiplication0 is absorbed into DSP fpl_x_1/multiplication_reg_reg.
DSP Report: Generating DSP fpl_x_1/multiplication0, operation Mode is: A2*B2.
DSP Report: register fpl_x_1/multiplication0 is absorbed into DSP fpl_x_1/multiplication0.
DSP Report: register fpl_x_1/multiplication0 is absorbed into DSP fpl_x_1/multiplication0.
DSP Report: operator fpl_x_1/multiplication0 is absorbed into DSP fpl_x_1/multiplication0.
DSP Report: operator fpl_x_1/multiplication0 is absorbed into DSP fpl_x_1/multiplication0.
DSP Report: Generating DSP fpl_x_1/multiplication_reg_reg, operation Mode is: (PCIN>>17)+A2*B.
DSP Report: register fpl_x_1/multiplication_reg_reg is absorbed into DSP fpl_x_1/multiplication_reg_reg.
DSP Report: register fpl_x_1/multiplication_reg_reg is absorbed into DSP fpl_x_1/multiplication_reg_reg.
DSP Report: operator fpl_x_1/multiplication0 is absorbed into DSP fpl_x_1/multiplication_reg_reg.
DSP Report: operator fpl_x_1/multiplication0 is absorbed into DSP fpl_x_1/multiplication_reg_reg.
DSP Report: Generating DSP fpl_x_2/multiplication0, operation Mode is: A2*B''.
DSP Report: register fpl_x_1/value_out_reg is absorbed into DSP fpl_x_2/multiplication0.
DSP Report: register fpl_x_2/value_og_reg_reg is absorbed into DSP fpl_x_2/multiplication0.
DSP Report: register fpl_x_2/multiplication0 is absorbed into DSP fpl_x_2/multiplication0.
DSP Report: operator fpl_x_2/multiplication0 is absorbed into DSP fpl_x_2/multiplication0.
DSP Report: operator fpl_x_2/multiplication0 is absorbed into DSP fpl_x_2/multiplication0.
DSP Report: Generating DSP fpl_x_2/multiplication_reg_reg, operation Mode is: (PCIN>>17)+A''*B.
DSP Report: register fpl_x_1/value_out_reg is absorbed into DSP fpl_x_2/multiplication_reg_reg.
DSP Report: register fpl_x_2/value_og_reg_reg is absorbed into DSP fpl_x_2/multiplication_reg_reg.
DSP Report: register fpl_x_2/multiplication_reg_reg is absorbed into DSP fpl_x_2/multiplication_reg_reg.
DSP Report: operator fpl_x_2/multiplication0 is absorbed into DSP fpl_x_2/multiplication_reg_reg.
DSP Report: operator fpl_x_2/multiplication0 is absorbed into DSP fpl_x_2/multiplication_reg_reg.
DSP Report: Generating DSP fpl_x_2/multiplication0, operation Mode is: A''*B2.
DSP Report: register fpl_x_2/multiplication0 is absorbed into DSP fpl_x_2/multiplication0.
DSP Report: register fpl_x_2/multiplication0 is absorbed into DSP fpl_x_2/multiplication0.
DSP Report: register fpl_x_2/multiplication0 is absorbed into DSP fpl_x_2/multiplication0.
DSP Report: operator fpl_x_2/multiplication0 is absorbed into DSP fpl_x_2/multiplication0.
DSP Report: operator fpl_x_2/multiplication0 is absorbed into DSP fpl_x_2/multiplication0.
DSP Report: Generating DSP fpl_x_2/multiplication_reg_reg, operation Mode is: (PCIN>>17)+A''*B.
DSP Report: register fpl_x_2/multiplication_reg_reg is absorbed into DSP fpl_x_2/multiplication_reg_reg.
DSP Report: register fpl_x_2/multiplication_reg_reg is absorbed into DSP fpl_x_2/multiplication_reg_reg.
DSP Report: register fpl_x_2/multiplication_reg_reg is absorbed into DSP fpl_x_2/multiplication_reg_reg.
DSP Report: operator fpl_x_2/multiplication0 is absorbed into DSP fpl_x_2/multiplication_reg_reg.
DSP Report: operator fpl_x_2/multiplication0 is absorbed into DSP fpl_x_2/multiplication_reg_reg.
DSP Report: Generating DSP fpl_y_1/multiplication0, operation Mode is: A2*B2.
DSP Report: register fpl_y_1/value_og_reg_reg is absorbed into DSP fpl_y_1/multiplication0.
DSP Report: register fpl_y_1/multiplication0 is absorbed into DSP fpl_y_1/multiplication0.
DSP Report: operator fpl_y_1/multiplication0 is absorbed into DSP fpl_y_1/multiplication0.
DSP Report: operator fpl_y_1/multiplication0 is absorbed into DSP fpl_y_1/multiplication0.
DSP Report: Generating DSP fpl_y_1/multiplication_reg_reg, operation Mode is: (PCIN>>17)+A2*B.
DSP Report: register fpl_y_1/value_og_reg_reg is absorbed into DSP fpl_y_1/multiplication_reg_reg.
DSP Report: register fpl_y_1/multiplication_reg_reg is absorbed into DSP fpl_y_1/multiplication_reg_reg.
DSP Report: operator fpl_y_1/multiplication0 is absorbed into DSP fpl_y_1/multiplication_reg_reg.
DSP Report: operator fpl_y_1/multiplication0 is absorbed into DSP fpl_y_1/multiplication_reg_reg.
DSP Report: Generating DSP fpl_y_1/multiplication0, operation Mode is: A2*B2.
DSP Report: register fpl_y_1/multiplication0 is absorbed into DSP fpl_y_1/multiplication0.
DSP Report: register fpl_y_1/multiplication0 is absorbed into DSP fpl_y_1/multiplication0.
DSP Report: operator fpl_y_1/multiplication0 is absorbed into DSP fpl_y_1/multiplication0.
DSP Report: operator fpl_y_1/multiplication0 is absorbed into DSP fpl_y_1/multiplication0.
DSP Report: Generating DSP fpl_y_1/multiplication_reg_reg, operation Mode is: (PCIN>>17)+A2*B.
DSP Report: register fpl_y_1/multiplication_reg_reg is absorbed into DSP fpl_y_1/multiplication_reg_reg.
DSP Report: register fpl_y_1/multiplication_reg_reg is absorbed into DSP fpl_y_1/multiplication_reg_reg.
DSP Report: operator fpl_y_1/multiplication0 is absorbed into DSP fpl_y_1/multiplication_reg_reg.
DSP Report: operator fpl_y_1/multiplication0 is absorbed into DSP fpl_y_1/multiplication_reg_reg.
DSP Report: Generating DSP fpl_y_2/multiplication0, operation Mode is: A2*B''.
DSP Report: register fpl_y_1/value_out_reg is absorbed into DSP fpl_y_2/multiplication0.
DSP Report: register fpl_y_2/value_og_reg_reg is absorbed into DSP fpl_y_2/multiplication0.
DSP Report: register fpl_y_2/multiplication0 is absorbed into DSP fpl_y_2/multiplication0.
DSP Report: operator fpl_y_2/multiplication0 is absorbed into DSP fpl_y_2/multiplication0.
DSP Report: operator fpl_y_2/multiplication0 is absorbed into DSP fpl_y_2/multiplication0.
DSP Report: Generating DSP fpl_y_2/multiplication_reg_reg, operation Mode is: (PCIN>>17)+A''*B.
DSP Report: register fpl_y_1/value_out_reg is absorbed into DSP fpl_y_2/multiplication_reg_reg.
DSP Report: register fpl_y_2/value_og_reg_reg is absorbed into DSP fpl_y_2/multiplication_reg_reg.
DSP Report: register fpl_y_2/multiplication_reg_reg is absorbed into DSP fpl_y_2/multiplication_reg_reg.
DSP Report: operator fpl_y_2/multiplication0 is absorbed into DSP fpl_y_2/multiplication_reg_reg.
DSP Report: operator fpl_y_2/multiplication0 is absorbed into DSP fpl_y_2/multiplication_reg_reg.
DSP Report: Generating DSP fpl_y_2/multiplication0, operation Mode is: A''*B2.
DSP Report: register fpl_y_2/multiplication0 is absorbed into DSP fpl_y_2/multiplication0.
DSP Report: register fpl_y_2/multiplication0 is absorbed into DSP fpl_y_2/multiplication0.
DSP Report: register fpl_y_2/multiplication0 is absorbed into DSP fpl_y_2/multiplication0.
DSP Report: operator fpl_y_2/multiplication0 is absorbed into DSP fpl_y_2/multiplication0.
DSP Report: operator fpl_y_2/multiplication0 is absorbed into DSP fpl_y_2/multiplication0.
DSP Report: Generating DSP fpl_y_2/multiplication_reg_reg, operation Mode is: (PCIN>>17)+A''*B.
DSP Report: register fpl_y_2/multiplication_reg_reg is absorbed into DSP fpl_y_2/multiplication_reg_reg.
DSP Report: register fpl_y_2/multiplication_reg_reg is absorbed into DSP fpl_y_2/multiplication_reg_reg.
DSP Report: register fpl_y_2/multiplication_reg_reg is absorbed into DSP fpl_y_2/multiplication_reg_reg.
DSP Report: operator fpl_y_2/multiplication0 is absorbed into DSP fpl_y_2/multiplication_reg_reg.
DSP Report: operator fpl_y_2/multiplication0 is absorbed into DSP fpl_y_2/multiplication_reg_reg.
WARNING: [Synth 8-3332] Sequential element (as2/mult_u_x/multiplication_reg_reg[47]) is unused and will be removed from module AS2_ATS.
WARNING: [Synth 8-3332] Sequential element (as2/mult_u_x/multiplication_reg_reg[46]) is unused and will be removed from module AS2_ATS.
WARNING: [Synth 8-3332] Sequential element (as2/mult_u_x/multiplication_reg_reg[45]) is unused and will be removed from module AS2_ATS.
WARNING: [Synth 8-3332] Sequential element (as2/mult_u_x/multiplication_reg_reg[44]) is unused and will be removed from module AS2_ATS.
WARNING: [Synth 8-3332] Sequential element (as2/mult_u_x/multiplication_reg_reg[43]) is unused and will be removed from module AS2_ATS.
WARNING: [Synth 8-3332] Sequential element (as2/mult_u_x/multiplication_reg_reg[42]) is unused and will be removed from module AS2_ATS.
WARNING: [Synth 8-3332] Sequential element (as2/mult_u_x/multiplication_reg_reg[41]) is unused and will be removed from module AS2_ATS.
WARNING: [Synth 8-3332] Sequential element (as2/mult_u_x/multiplication_reg_reg[40]) is unused and will be removed from module AS2_ATS.
WARNING: [Synth 8-3332] Sequential element (as2/mult_u_x/multiplication_reg_reg[39]) is unused and will be removed from module AS2_ATS.
WARNING: [Synth 8-3332] Sequential element (as2/mult_u_x/multiplication_reg_reg[38]) is unused and will be removed from module AS2_ATS.
WARNING: [Synth 8-3332] Sequential element (as2/mult_u_x/multiplication_reg_reg[37]) is unused and will be removed from module AS2_ATS.
WARNING: [Synth 8-3332] Sequential element (as2/mult_u_x/multiplication_reg_reg[36]) is unused and will be removed from module AS2_ATS.
WARNING: [Synth 8-3332] Sequential element (as2/mult_u_x/multiplication_reg_reg[35]) is unused and will be removed from module AS2_ATS.
WARNING: [Synth 8-3332] Sequential element (as2/mult_u_x/multiplication_reg_reg[34]) is unused and will be removed from module AS2_ATS.
WARNING: [Synth 8-3332] Sequential element (as2/mult_u_x/multiplication_reg_reg[33]) is unused and will be removed from module AS2_ATS.
WARNING: [Synth 8-3332] Sequential element (as2/mult_u_x/multiplication_reg_reg[32]) is unused and will be removed from module AS2_ATS.
WARNING: [Synth 8-3332] Sequential element (as2/mult_u_x/multiplication_reg_reg[31]) is unused and will be removed from module AS2_ATS.
WARNING: [Synth 8-3332] Sequential element (as2/mult_u_x/multiplication_reg_reg[30]) is unused and will be removed from module AS2_ATS.
WARNING: [Synth 8-3332] Sequential element (as2/mult_u_x/multiplication_reg_reg[29]) is unused and will be removed from module AS2_ATS.
WARNING: [Synth 8-3332] Sequential element (as2/mult_u_x/multiplication_reg_reg[28]) is unused and will be removed from module AS2_ATS.
WARNING: [Synth 8-3332] Sequential element (as2/mult_u_x/multiplication_reg_reg[27]) is unused and will be removed from module AS2_ATS.
WARNING: [Synth 8-3332] Sequential element (as2/mult_u_x/multiplication_reg_reg[26]) is unused and will be removed from module AS2_ATS.
WARNING: [Synth 8-3332] Sequential element (as2/mult_u_x/multiplication_reg_reg[25]) is unused and will be removed from module AS2_ATS.
WARNING: [Synth 8-3332] Sequential element (as2/mult_u_x/multiplication_reg_reg[24]) is unused and will be removed from module AS2_ATS.
WARNING: [Synth 8-3332] Sequential element (as2/mult_u_x/multiplication_reg_reg[23]) is unused and will be removed from module AS2_ATS.
WARNING: [Synth 8-3332] Sequential element (as2/mult_u_x/multiplication_reg_reg[22]) is unused and will be removed from module AS2_ATS.
WARNING: [Synth 8-3332] Sequential element (as2/mult_u_x/multiplication_reg_reg[21]) is unused and will be removed from module AS2_ATS.
WARNING: [Synth 8-3332] Sequential element (as2/mult_u_x/multiplication_reg_reg[20]) is unused and will be removed from module AS2_ATS.
WARNING: [Synth 8-3332] Sequential element (as2/mult_u_x/multiplication_reg_reg[19]) is unused and will be removed from module AS2_ATS.
WARNING: [Synth 8-3332] Sequential element (as2/mult_u_x/multiplication_reg_reg[18]) is unused and will be removed from module AS2_ATS.
WARNING: [Synth 8-3332] Sequential element (as2/mult_u_x/multiplication_reg_reg[17]) is unused and will be removed from module AS2_ATS.
WARNING: [Synth 8-3332] Sequential element (as2/mult_u_x/multiplication_reg_reg[47]__0) is unused and will be removed from module AS2_ATS.
WARNING: [Synth 8-3332] Sequential element (as2/mult_u_x/multiplication_reg_reg[46]__0) is unused and will be removed from module AS2_ATS.
WARNING: [Synth 8-3332] Sequential element (as2/mult_u_x/multiplication_reg_reg[45]__0) is unused and will be removed from module AS2_ATS.
WARNING: [Synth 8-3332] Sequential element (as2/mult_u_x/multiplication_reg_reg[44]__0) is unused and will be removed from module AS2_ATS.
WARNING: [Synth 8-3332] Sequential element (as2/mult_u_x/multiplication_reg_reg[43]__0) is unused and will be removed from module AS2_ATS.
WARNING: [Synth 8-3332] Sequential element (as2/mult_u_x/multiplication_reg_reg[42]__0) is unused and will be removed from module AS2_ATS.
WARNING: [Synth 8-3332] Sequential element (as2/mult_u_x/multiplication_reg_reg[41]__0) is unused and will be removed from module AS2_ATS.
WARNING: [Synth 8-3332] Sequential element (as2/mult_u_x/multiplication_reg_reg[40]__0) is unused and will be removed from module AS2_ATS.
WARNING: [Synth 8-3332] Sequential element (as2/mult_u_x/multiplication_reg_reg[39]__0) is unused and will be removed from module AS2_ATS.
WARNING: [Synth 8-3332] Sequential element (as2/mult_u_x/multiplication_reg_reg[38]__0) is unused and will be removed from module AS2_ATS.
WARNING: [Synth 8-3332] Sequential element (as2/mult_u_x/multiplication_reg_reg[37]__0) is unused and will be removed from module AS2_ATS.
WARNING: [Synth 8-3332] Sequential element (as2/mult_u_x/multiplication_reg_reg[36]__0) is unused and will be removed from module AS2_ATS.
WARNING: [Synth 8-3332] Sequential element (as2/mult_u_x/multiplication_reg_reg[35]__0) is unused and will be removed from module AS2_ATS.
WARNING: [Synth 8-3332] Sequential element (as2/mult_u_x/multiplication_reg_reg[34]__0) is unused and will be removed from module AS2_ATS.
WARNING: [Synth 8-3332] Sequential element (as2/mult_u_x/multiplication_reg_reg[33]__0) is unused and will be removed from module AS2_ATS.
WARNING: [Synth 8-3332] Sequential element (as2/mult_u_x/multiplication_reg_reg[32]__0) is unused and will be removed from module AS2_ATS.
WARNING: [Synth 8-3332] Sequential element (as2/mult_u_x/multiplication_reg_reg[31]__0) is unused and will be removed from module AS2_ATS.
WARNING: [Synth 8-3332] Sequential element (as2/mult_u_x/multiplication_reg_reg[30]__0) is unused and will be removed from module AS2_ATS.
WARNING: [Synth 8-3332] Sequential element (as2/mult_u_x/multiplication_reg_reg[29]__0) is unused and will be removed from module AS2_ATS.
WARNING: [Synth 8-3332] Sequential element (as2/mult_u_x/multiplication_reg_reg[28]__0) is unused and will be removed from module AS2_ATS.
WARNING: [Synth 8-3332] Sequential element (as2/mult_u_x/multiplication_reg_reg[27]__0) is unused and will be removed from module AS2_ATS.
WARNING: [Synth 8-3332] Sequential element (as2/mult_u_x/multiplication_reg_reg[26]__0) is unused and will be removed from module AS2_ATS.
WARNING: [Synth 8-3332] Sequential element (as2/mult_u_x/multiplication_reg_reg[25]__0) is unused and will be removed from module AS2_ATS.
WARNING: [Synth 8-3332] Sequential element (as2/mult_u_x/multiplication_reg_reg[24]__0) is unused and will be removed from module AS2_ATS.
WARNING: [Synth 8-3332] Sequential element (as2/mult_u_x/multiplication_reg_reg[23]__0) is unused and will be removed from module AS2_ATS.
WARNING: [Synth 8-3332] Sequential element (as2/mult_u_x/multiplication_reg_reg[22]__0) is unused and will be removed from module AS2_ATS.
WARNING: [Synth 8-3332] Sequential element (as2/mult_u_x/multiplication_reg_reg[21]__0) is unused and will be removed from module AS2_ATS.
WARNING: [Synth 8-3332] Sequential element (as2/mult_u_x/multiplication_reg_reg[20]__0) is unused and will be removed from module AS2_ATS.
WARNING: [Synth 8-3332] Sequential element (as2/mult_u_x/multiplication_reg_reg[19]__0) is unused and will be removed from module AS2_ATS.
WARNING: [Synth 8-3332] Sequential element (as2/mult_u_x/multiplication_reg_reg[18]__0) is unused and will be removed from module AS2_ATS.
WARNING: [Synth 8-3332] Sequential element (as2/mult_u_x/multiplication_reg_reg[17]__0) is unused and will be removed from module AS2_ATS.
WARNING: [Synth 8-3332] Sequential element (as2/mult_code_x/multiplication_reg_reg[47]) is unused and will be removed from module AS2_ATS.
WARNING: [Synth 8-3332] Sequential element (as2/mult_code_x/multiplication_reg_reg[46]) is unused and will be removed from module AS2_ATS.
WARNING: [Synth 8-3332] Sequential element (as2/mult_code_x/multiplication_reg_reg[45]) is unused and will be removed from module AS2_ATS.
WARNING: [Synth 8-3332] Sequential element (as2/mult_code_x/multiplication_reg_reg[44]) is unused and will be removed from module AS2_ATS.
WARNING: [Synth 8-3332] Sequential element (as2/mult_code_x/multiplication_reg_reg[43]) is unused and will be removed from module AS2_ATS.
WARNING: [Synth 8-3332] Sequential element (as2/mult_code_x/multiplication_reg_reg[42]) is unused and will be removed from module AS2_ATS.
WARNING: [Synth 8-3332] Sequential element (as2/mult_code_x/multiplication_reg_reg[41]) is unused and will be removed from module AS2_ATS.
WARNING: [Synth 8-3332] Sequential element (as2/mult_code_x/multiplication_reg_reg[40]) is unused and will be removed from module AS2_ATS.
WARNING: [Synth 8-3332] Sequential element (as2/mult_code_x/multiplication_reg_reg[39]) is unused and will be removed from module AS2_ATS.
WARNING: [Synth 8-3332] Sequential element (as2/mult_code_x/multiplication_reg_reg[38]) is unused and will be removed from module AS2_ATS.
WARNING: [Synth 8-3332] Sequential element (as2/mult_code_x/multiplication_reg_reg[37]) is unused and will be removed from module AS2_ATS.
WARNING: [Synth 8-3332] Sequential element (as2/mult_code_x/multiplication_reg_reg[36]) is unused and will be removed from module AS2_ATS.
WARNING: [Synth 8-3332] Sequential element (as2/mult_code_x/multiplication_reg_reg[35]) is unused and will be removed from module AS2_ATS.
WARNING: [Synth 8-3332] Sequential element (as2/mult_code_x/multiplication_reg_reg[34]) is unused and will be removed from module AS2_ATS.
WARNING: [Synth 8-3332] Sequential element (as2/mult_code_x/multiplication_reg_reg[33]) is unused and will be removed from module AS2_ATS.
WARNING: [Synth 8-3332] Sequential element (as2/mult_code_x/multiplication_reg_reg[32]) is unused and will be removed from module AS2_ATS.
WARNING: [Synth 8-3332] Sequential element (as2/mult_code_x/multiplication_reg_reg[31]) is unused and will be removed from module AS2_ATS.
WARNING: [Synth 8-3332] Sequential element (as2/mult_code_x/multiplication_reg_reg[30]) is unused and will be removed from module AS2_ATS.
WARNING: [Synth 8-3332] Sequential element (as2/mult_code_x/multiplication_reg_reg[29]) is unused and will be removed from module AS2_ATS.
WARNING: [Synth 8-3332] Sequential element (as2/mult_code_x/multiplication_reg_reg[28]) is unused and will be removed from module AS2_ATS.
WARNING: [Synth 8-3332] Sequential element (as2/mult_code_x/multiplication_reg_reg[27]) is unused and will be removed from module AS2_ATS.
WARNING: [Synth 8-3332] Sequential element (as2/mult_code_x/multiplication_reg_reg[26]) is unused and will be removed from module AS2_ATS.
WARNING: [Synth 8-3332] Sequential element (as2/mult_code_x/multiplication_reg_reg[25]) is unused and will be removed from module AS2_ATS.
WARNING: [Synth 8-3332] Sequential element (as2/mult_code_x/multiplication_reg_reg[24]) is unused and will be removed from module AS2_ATS.
WARNING: [Synth 8-3332] Sequential element (as2/mult_code_x/multiplication_reg_reg[23]) is unused and will be removed from module AS2_ATS.
WARNING: [Synth 8-3332] Sequential element (as2/mult_code_x/multiplication_reg_reg[22]) is unused and will be removed from module AS2_ATS.
WARNING: [Synth 8-3332] Sequential element (as2/mult_code_x/multiplication_reg_reg[21]) is unused and will be removed from module AS2_ATS.
WARNING: [Synth 8-3332] Sequential element (as2/mult_code_x/multiplication_reg_reg[20]) is unused and will be removed from module AS2_ATS.
WARNING: [Synth 8-3332] Sequential element (as2/mult_code_x/multiplication_reg_reg[19]) is unused and will be removed from module AS2_ATS.
WARNING: [Synth 8-3332] Sequential element (as2/mult_code_x/multiplication_reg_reg[18]) is unused and will be removed from module AS2_ATS.
WARNING: [Synth 8-3332] Sequential element (as2/mult_code_x/multiplication_reg_reg[17]) is unused and will be removed from module AS2_ATS.
WARNING: [Synth 8-3332] Sequential element (as2/mult_code_x/multiplication_reg_reg[47]__0) is unused and will be removed from module AS2_ATS.
WARNING: [Synth 8-3332] Sequential element (as2/mult_code_x/multiplication_reg_reg[46]__0) is unused and will be removed from module AS2_ATS.
WARNING: [Synth 8-3332] Sequential element (as2/mult_code_x/multiplication_reg_reg[45]__0) is unused and will be removed from module AS2_ATS.
WARNING: [Synth 8-3332] Sequential element (as2/mult_code_x/multiplication_reg_reg[44]__0) is unused and will be removed from module AS2_ATS.
WARNING: [Synth 8-3332] Sequential element (as2/mult_code_x/multiplication_reg_reg[43]__0) is unused and will be removed from module AS2_ATS.
WARNING: [Synth 8-3332] Sequential element (as2/mult_code_x/multiplication_reg_reg[42]__0) is unused and will be removed from module AS2_ATS.
WARNING: [Synth 8-3332] Sequential element (as2/mult_code_x/multiplication_reg_reg[41]__0) is unused and will be removed from module AS2_ATS.
INFO: [Common 17-14] Message 'Synth 8-3332' appears 100 times and further instances of the messages will be disabled. Use the Tcl command set_msg_config to change the current settings.
---------------------------------------------------------------------------------
Finished Cross Boundary and Area Optimization : Time (s): cpu = 00:00:27 ; elapsed = 00:00:28 . Memory (MB): peak = 1570.750 ; gain = 656.199
---------------------------------------------------------------------------------
 Sort Area is  fpl_x_2/multiplication0_14 : 0 0 : 2755 5002 : Used 1 time 0
 Sort Area is  fpl_x_2/multiplication0_14 : 0 1 : 2247 5002 : Used 1 time 0
 Sort Area is  fpl_y_2/multiplication0_18 : 0 0 : 2755 5002 : Used 1 time 0
 Sort Area is  fpl_y_2/multiplication0_18 : 0 1 : 2247 5002 : Used 1 time 0
 Sort Area is  mult_code_x/multiplication0_6 : 0 0 : 2755 5002 : Used 1 time 0
 Sort Area is  mult_code_x/multiplication0_6 : 0 1 : 2247 5002 : Used 1 time 0
 Sort Area is  mult_code_y/multiplication0_e : 0 0 : 2755 5002 : Used 1 time 0
 Sort Area is  mult_code_y/multiplication0_e : 0 1 : 2247 5002 : Used 1 time 0
 Sort Area is  fpl_x_1/multiplication0_10 : 0 0 : 2737 4966 : Used 1 time 0
 Sort Area is  fpl_x_1/multiplication0_10 : 0 1 : 2229 4966 : Used 1 time 0
 Sort Area is  fpl_y_1/multiplication0_16 : 0 0 : 2737 4966 : Used 1 time 0
 Sort Area is  fpl_y_1/multiplication0_16 : 0 1 : 2229 4966 : Used 1 time 0
 Sort Area is  mult_u_x/multiplication0_0 : 0 0 : 2737 4966 : Used 1 time 0
 Sort Area is  mult_u_x/multiplication0_0 : 0 1 : 2229 4966 : Used 1 time 0
 Sort Area is  mult_u_y/multiplication0_c : 0 0 : 2737 4966 : Used 1 time 0
 Sort Area is  mult_u_y/multiplication0_c : 0 1 : 2229 4966 : Used 1 time 0
 Sort Area is  fpl_x_2/multiplication0_15 : 0 0 : 2206 4140 : Used 1 time 0
 Sort Area is  fpl_x_2/multiplication0_15 : 0 1 : 1934 4140 : Used 1 time 0
 Sort Area is  fpl_y_2/multiplication0_19 : 0 0 : 2206 4140 : Used 1 time 0
 Sort Area is  fpl_y_2/multiplication0_19 : 0 1 : 1934 4140 : Used 1 time 0
 Sort Area is  mult_code_x/multiplication0_9 : 0 0 : 2206 4140 : Used 1 time 0
 Sort Area is  mult_code_x/multiplication0_9 : 0 1 : 1934 4140 : Used 1 time 0
 Sort Area is  mult_code_y/multiplication0_f : 0 0 : 2206 4140 : Used 1 time 0
 Sort Area is  mult_code_y/multiplication0_f : 0 1 : 1934 4140 : Used 1 time 0
 Sort Area is  fpl_x_1/multiplication0_11 : 0 0 : 2191 4110 : Used 1 time 0
 Sort Area is  fpl_x_1/multiplication0_11 : 0 1 : 1919 4110 : Used 1 time 0
 Sort Area is  fpl_y_1/multiplication0_17 : 0 0 : 2191 4110 : Used 1 time 0
 Sort Area is  fpl_y_1/multiplication0_17 : 0 1 : 1919 4110 : Used 1 time 0
 Sort Area is  mult_u_x/multiplication0_3 : 0 0 : 2176 4080 : Used 1 time 0
 Sort Area is  mult_u_x/multiplication0_3 : 0 1 : 1904 4080 : Used 1 time 0
 Sort Area is  mult_u_y/multiplication0_d : 0 0 : 2176 4080 : Used 1 time 0
 Sort Area is  mult_u_y/multiplication0_d : 0 1 : 1904 4080 : Used 1 time 0
---------------------------------------------------------------------------------
Start ROM, RAM, DSP, Shift Register and Retiming Reporting
---------------------------------------------------------------------------------

DSP: Preliminary Mapping Report (see note below. The ' indicates corresponding REG is set)
+------------+------------------+--------+--------+--------+--------+--------+------+------+------+------+-------+------+------+
|Module Name | DSP Mapping      | A Size | B Size | C Size | D Size | P Size | AREG | BREG | CREG | DREG | ADREG | MREG | PREG | 
+------------+------------------+--------+--------+--------+--------+--------+------+------+------+------+-------+------+------+
|top         | A2*B             | 18     | 15     | -      | -      | 48     | 1    | 0    | -    | -    | -     | 0    | 0    | 
|top         | (PCIN>>17)+A*B   | 15     | 15     | -      | -      | 48     | 0    | 0    | -    | -    | -     | 0    | 1    | 
|top         | A2*B2            | 18     | 18     | -      | -      | 48     | 1    | 1    | -    | -    | -     | 0    | 0    | 
|top         | (PCIN>>17)+A2*B  | 18     | 15     | -      | -      | 48     | 1    | 0    | -    | -    | -     | 0    | 1    | 
|top         | A2*B''           | 18     | 15     | -      | -      | 48     | 1    | 2    | -    | -    | -     | 0    | 0    | 
|top         | (PCIN>>17)+A''*B | 15     | 15     | -      | -      | 48     | 2    | 0    | -    | -    | -     | 0    | 1    | 
|top         | A''*B2           | 18     | 18     | -      | -      | 48     | 2    | 1    | -    | -    | -     | 0    | 0    | 
|top         | (PCIN>>17)+A''*B | 18     | 15     | -      | -      | 48     | 2    | 0    | -    | -    | -     | 0    | 1    | 
|top         | A2*B             | 18     | 15     | -      | -      | 48     | 1    | 0    | -    | -    | -     | 0    | 0    | 
|top         | (PCIN>>17)+A*B   | 15     | 15     | -      | -      | 48     | 0    | 0    | -    | -    | -     | 0    | 1    | 
|top         | A2*B2            | 18     | 18     | -      | -      | 48     | 1    | 1    | -    | -    | -     | 0    | 0    | 
|top         | (PCIN>>17)+A2*B  | 18     | 15     | -      | -      | 48     | 1    | 0    | -    | -    | -     | 0    | 1    | 
|top         | A2*B''           | 18     | 15     | -      | -      | 48     | 1    | 2    | -    | -    | -     | 0    | 0    | 
|top         | (PCIN>>17)+A''*B | 15     | 15     | -      | -      | 48     | 2    | 0    | -    | -    | -     | 0    | 1    | 
|top         | A''*B2           | 18     | 18     | -      | -      | 48     | 2    | 1    | -    | -    | -     | 0    | 0    | 
|top         | (PCIN>>17)+A''*B | 18     | 15     | -      | -      | 48     | 2    | 0    | -    | -    | -     | 0    | 1    | 
|ATS_parall  | A2*B2            | 18     | 15     | -      | -      | 48     | 1    | 1    | -    | -    | -     | 0    | 0    | 
|ATS_parall  | (PCIN>>17)+A2*B  | 15     | 15     | -      | -      | 48     | 1    | 0    | -    | -    | -     | 0    | 1    | 
|ATS_parall  | A2*B2            | 18     | 18     | -      | -      | 48     | 1    | 1    | -    | -    | -     | 0    | 0    | 
|ATS_parall  | (PCIN>>17)+A2*B  | 18     | 15     | -      | -      | 48     | 1    | 0    | -    | -    | -     | 0    | 1    | 
|ATS_parall  | A2*B''           | 18     | 15     | -      | -      | 48     | 1    | 2    | -    | -    | -     | 0    | 0    | 
|ATS_parall  | (PCIN>>17)+A''*B | 15     | 15     | -      | -      | 48     | 2    | 0    | -    | -    | -     | 0    | 1    | 
|ATS_parall  | A''*B2           | 18     | 18     | -      | -      | 48     | 2    | 1    | -    | -    | -     | 0    | 0    | 
|ATS_parall  | (PCIN>>17)+A''*B | 18     | 15     | -      | -      | 48     | 2    | 0    | -    | -    | -     | 0    | 1    | 
|ATS_parall  | A2*B2            | 18     | 15     | -      | -      | 48     | 1    | 1    | -    | -    | -     | 0    | 0    | 
|ATS_parall  | (PCIN>>17)+A2*B  | 15     | 15     | -      | -      | 48     | 1    | 0    | -    | -    | -     | 0    | 1    | 
|ATS_parall  | A2*B2            | 18     | 18     | -      | -      | 48     | 1    | 1    | -    | -    | -     | 0    | 0    | 
|ATS_parall  | (PCIN>>17)+A2*B  | 18     | 15     | -      | -      | 48     | 1    | 0    | -    | -    | -     | 0    | 1    | 
|ATS_parall  | A2*B''           | 18     | 15     | -      | -      | 48     | 1    | 2    | -    | -    | -     | 0    | 0    | 
|ATS_parall  | (PCIN>>17)+A''*B | 15     | 15     | -      | -      | 48     | 2    | 0    | -    | -    | -     | 0    | 1    | 
|ATS_parall  | A''*B2           | 18     | 18     | -      | -      | 48     | 2    | 1    | -    | -    | -     | 0    | 0    | 
|ATS_parall  | (PCIN>>17)+A''*B | 18     | 15     | -      | -      | 48     | 2    | 0    | -    | -    | -     | 0    | 1    | 
+------------+------------------+--------+--------+--------+--------+--------+------+------+------+------+-------+------+------+

Note: The table above is a preliminary report that shows the DSPs inferred at the current stage of the synthesis flow. Some DSP may be reimplemented as non DSP primitives later in the synthesis flow. Multiple instantiated DSPs are reported only once.
---------------------------------------------------------------------------------
Finished ROM, RAM, DSP, Shift Register and Retiming Reporting
---------------------------------------------------------------------------------
---------------------------------------------------------------------------------
Start Applying XDC Timing Constraints
---------------------------------------------------------------------------------
---------------------------------------------------------------------------------
Finished Applying XDC Timing Constraints : Time (s): cpu = 00:00:37 ; elapsed = 00:00:38 . Memory (MB): peak = 1570.750 ; gain = 656.199
---------------------------------------------------------------------------------
---------------------------------------------------------------------------------
Start Timing Optimization
---------------------------------------------------------------------------------
---------------------------------------------------------------------------------
Finished Timing Optimization : Time (s): cpu = 00:00:42 ; elapsed = 00:00:44 . Memory (MB): peak = 1690.875 ; gain = 776.324
---------------------------------------------------------------------------------
---------------------------------------------------------------------------------
Start Technology Mapping
---------------------------------------------------------------------------------
---------------------------------------------------------------------------------
Finished Technology Mapping : Time (s): cpu = 00:00:44 ; elapsed = 00:00:45 . Memory (MB): peak = 1690.875 ; gain = 776.324
---------------------------------------------------------------------------------
---------------------------------------------------------------------------------
Start IO Insertion
---------------------------------------------------------------------------------
---------------------------------------------------------------------------------
Start Flattening Before IO Insertion
---------------------------------------------------------------------------------
---------------------------------------------------------------------------------
Finished Flattening Before IO Insertion
---------------------------------------------------------------------------------
---------------------------------------------------------------------------------
Start Final Netlist Cleanup
---------------------------------------------------------------------------------
---------------------------------------------------------------------------------
Finished Final Netlist Cleanup
---------------------------------------------------------------------------------
WARNING: [Synth 8-3295] tying undriven pin out_ss_1_inferred:in0 to constant 0
---------------------------------------------------------------------------------
Finished IO Insertion : Time (s): cpu = 00:00:49 ; elapsed = 00:00:51 . Memory (MB): peak = 1690.875 ; gain = 776.324
---------------------------------------------------------------------------------
---------------------------------------------------------------------------------
Start Renaming Generated Instances
---------------------------------------------------------------------------------
---------------------------------------------------------------------------------
Finished Renaming Generated Instances : Time (s): cpu = 00:00:49 ; elapsed = 00:00:51 . Memory (MB): peak = 1690.875 ; gain = 776.324
---------------------------------------------------------------------------------
---------------------------------------------------------------------------------
Start Rebuilding User Hierarchy
---------------------------------------------------------------------------------
---------------------------------------------------------------------------------
Finished Rebuilding User Hierarchy : Time (s): cpu = 00:00:50 ; elapsed = 00:00:52 . Memory (MB): peak = 1690.875 ; gain = 776.324
---------------------------------------------------------------------------------
---------------------------------------------------------------------------------
Start Renaming Generated Ports
---------------------------------------------------------------------------------
---------------------------------------------------------------------------------
Finished Renaming Generated Ports : Time (s): cpu = 00:00:50 ; elapsed = 00:00:52 . Memory (MB): peak = 1690.875 ; gain = 776.324
---------------------------------------------------------------------------------
---------------------------------------------------------------------------------
Start Handling Custom Attributes
---------------------------------------------------------------------------------
---------------------------------------------------------------------------------
Finished Handling Custom Attributes : Time (s): cpu = 00:00:50 ; elapsed = 00:00:52 . Memory (MB): peak = 1690.875 ; gain = 776.324
---------------------------------------------------------------------------------
---------------------------------------------------------------------------------
Start Renaming Generated Nets
---------------------------------------------------------------------------------
---------------------------------------------------------------------------------
Finished Renaming Generated Nets : Time (s): cpu = 00:00:50 ; elapsed = 00:00:52 . Memory (MB): peak = 1690.875 ; gain = 776.324
---------------------------------------------------------------------------------
---------------------------------------------------------------------------------
Start Writing Synthesis Report
---------------------------------------------------------------------------------

DSP Final Report (the ' indicates corresponding REG is set)
+------------+--------------------+--------+--------+--------+--------+--------+------+------+------+------+-------+------+------+
|Module Name | DSP Mapping        | A Size | B Size | C Size | D Size | P Size | AREG | BREG | CREG | DREG | ADREG | MREG | PREG | 
+------------+--------------------+--------+--------+--------+--------+--------+------+------+------+------+-------+------+------+
|ATS_parall  | A'*B'              | 17     | 18     | -      | -      | 48     | 1    | 1    | -    | -    | -     | 0    | 0    | 
|ATS_parall  | (PCIN>>17+A'*B')'  | 30     | 18     | -      | -      | 48     | 1    | 1    | -    | -    | -     | 0    | 1    | 
|ATS_parall  | A'*B'              | 17     | 17     | -      | -      | 48     | 1    | 1    | -    | -    | -     | 0    | 0    | 
|ATS_parall  | (PCIN>>17+A*B')'   | 0      | 18     | -      | -      | 48     | 0    | 1    | -    | -    | -     | 0    | 1    | 
|ATS_parall  | A'*B''             | 17     | 18     | -      | -      | 48     | 1    | 2    | -    | -    | -     | 0    | 0    | 
|ATS_parall  | (PCIN>>17+A''*B')' | 30     | 18     | -      | -      | 48     | 2    | 1    | -    | -    | -     | 0    | 1    | 
|ATS_parall  | A''*B'             | 17     | 17     | -      | -      | 48     | 2    | 1    | -    | -    | -     | 0    | 0    | 
|ATS_parall  | (PCIN>>17+A''*B')' | 17     | 18     | -      | -      | 48     | 2    | 1    | -    | -    | -     | 0    | 1    | 
|ATS_parall  | A'*B'              | 17     | 18     | -      | -      | 48     | 1    | 1    | -    | -    | -     | 0    | 0    | 
|ATS_parall  | (PCIN>>17+A'*B')'  | 30     | 18     | -      | -      | 48     | 1    | 1    | -    | -    | -     | 0    | 1    | 
|ATS_parall  | A'*B'              | 17     | 17     | -      | -      | 48     | 1    | 1    | -    | -    | -     | 0    | 0    | 
|ATS_parall  | (PCIN>>17+A*B')'   | 0      | 18     | -      | -      | 48     | 0    | 1    | -    | -    | -     | 0    | 1    | 
|ATS_parall  | A'*B''             | 17     | 18     | -      | -      | 48     | 1    | 2    | -    | -    | -     | 0    | 0    | 
|ATS_parall  | (PCIN>>17+A''*B')' | 30     | 18     | -      | -      | 48     | 2    | 1    | -    | -    | -     | 0    | 1    | 
|ATS_parall  | A''*B'             | 17     | 17     | -      | -      | 48     | 2    | 1    | -    | -    | -     | 0    | 0    | 
|ATS_parall  | (PCIN>>17+A''*B')' | 17     | 18     | -      | -      | 48     | 2    | 1    | -    | -    | -     | 0    | 1    | 
|top         | A'*B''             | 17     | 18     | -      | -      | 48     | 1    | 2    | -    | -    | -     | 0    | 0    | 
|top         | (PCIN>>17+A''*B')' | 30     | 18     | -      | -      | 48     | 2    | 1    | -    | -    | -     | 0    | 1    | 
|top         | A''*B'             | 17     | 17     | -      | -      | 48     | 2    | 1    | -    | -    | -     | 0    | 0    | 
|top         | (PCIN>>17+A''*B')' | 17     | 18     | -      | -      | 48     | 2    | 1    | -    | -    | -     | 0    | 1    | 
|top         | A'*B''             | 17     | 18     | -      | -      | 48     | 1    | 2    | -    | -    | -     | 0    | 0    | 
|top         | (PCIN>>17+A''*B')' | 30     | 18     | -      | -      | 48     | 2    | 1    | -    | -    | -     | 0    | 1    | 
|top         | A''*B'             | 17     | 17     | -      | -      | 48     | 2    | 1    | -    | -    | -     | 0    | 0    | 
|top         | (PCIN>>17+A''*B')' | 17     | 18     | -      | -      | 48     | 2    | 1    | -    | -    | -     | 0    | 1    | 
|top         | A'*B'              | 17     | 18     | -      | -      | 48     | 1    | 1    | -    | -    | -     | 0    | 0    | 
|top         | (PCIN>>17+A'*B')'  | 30     | 18     | -      | -      | 48     | 1    | 1    | -    | -    | -     | 0    | 1    | 
|top         | A'*B'              | 17     | 17     | -      | -      | 48     | 1    | 1    | -    | -    | -     | 0    | 0    | 
|top         | (PCIN>>17+A*B')'   | 0      | 18     | -      | -      | 48     | 0    | 1    | -    | -    | -     | 0    | 1    | 
|top         | A'*B'              | 17     | 18     | -      | -      | 48     | 1    | 1    | -    | -    | -     | 0    | 0    | 
|top         | (PCIN>>17+A'*B')'  | 30     | 18     | -      | -      | 48     | 1    | 1    | -    | -    | -     | 0    | 1    | 
|top         | A'*B'              | 17     | 17     | -      | -      | 48     | 1    | 1    | -    | -    | -     | 0    | 0    | 
|top         | (PCIN>>17+A*B')'   | 0      | 18     | -      | -      | 48     | 0    | 1    | -    | -    | -     | 0    | 1    | 
+------------+--------------------+--------+--------+--------+--------+--------+------+------+------+------+-------+------+------+


Report BlackBoxes: 
+------+--------------+----------+
|      |BlackBox name |Instances |
+------+--------------+----------+
|1     |vio_0         |         1|
|2     |ila_0         |         1|
+------+--------------+----------+

Report Cell Usage: 
+------+--------+------+
|      |Cell    |Count |
+------+--------+------+
|1     |ila     |     1|
|2     |vio     |     1|
|3     |BUFG    |     1|
|4     |CARRY4  |   384|
|5     |DSP48E1 |    32|
|10    |LUT1    |    11|
|11    |LUT2    |  1533|
|12    |LUT3    |   204|
|13    |LUT4    |    27|
|14    |LUT5    |    16|
|15    |LUT6    |   129|
|16    |FDCE    |    36|
|17    |FDPE    |     3|
|18    |FDRE    |  1396|
|19    |LD      |     4|
|20    |IBUF    |     2|
+------+--------+------+
---------------------------------------------------------------------------------
Finished Writing Synthesis Report : Time (s): cpu = 00:00:50 ; elapsed = 00:00:52 . Memory (MB): peak = 1690.875 ; gain = 776.324
---------------------------------------------------------------------------------
Synthesis finished with 0 errors, 0 critical warnings and 500 warnings.
Synthesis Optimization Runtime : Time (s): cpu = 00:00:38 ; elapsed = 00:00:49 . Memory (MB): peak = 1690.875 ; gain = 680.871
Synthesis Optimization Complete : Time (s): cpu = 00:00:50 ; elapsed = 00:00:52 . Memory (MB): peak = 1690.875 ; gain = 776.324
INFO: [Project 1-571] Translating synthesized netlist
Netlist sorting complete. Time (s): cpu = 00:00:00 ; elapsed = 00:00:00.088 . Memory (MB): peak = 1690.875 ; gain = 0.000
INFO: [Netlist 29-17] Analyzing 420 Unisim elements for replacement
INFO: [Netlist 29-28] Unisim Transformation completed in 0 CPU seconds
INFO: [Project 1-570] Preparing netlist for logic optimization
INFO: [Opt 31-138] Pushed 0 inverter(s) to 0 load pin(s).
Netlist sorting complete. Time (s): cpu = 00:00:00 ; elapsed = 00:00:00.001 . Memory (MB): peak = 1690.875 ; gain = 0.000
INFO: [Project 1-111] Unisim Transformation Summary:
  A total of 4 instances were transformed.
  LD => LDCE: 4 instances

The system cannot find the path specified.
Synth Design complete | Checksum: 550b4628
INFO: [Common 17-83] Releasing license: Synthesis
54 Infos, 119 Warnings, 0 Critical Warnings and 0 Errors encountered.
synth_design completed successfully
synth_design: Time (s): cpu = 00:00:56 ; elapsed = 00:00:59 . Memory (MB): peak = 1690.875 ; gain = 1198.195
Write ShapeDB Complete: Time (s): cpu = 00:00:01 ; elapsed = 00:00:00.012 . Memory (MB): peak = 1690.875 ; gain = 0.000
INFO: [Common 17-1381] The checkpoint 'C:/projects/Vivado_Projects/AD9777_with_mult-main/AD9777_with_mult-main/DAC_par.runs/synth_1/test_wrapper.dcp' has been generated.
INFO: [runtcl-4] Executing : report_utilization -file test_wrapper_utilization_synth.rpt -pb test_wrapper_utilization_synth.pb
INFO: [Common 17-206] Exiting Vivado at Wed Dec 10 16:40:14 2025...
